123 Main St
Apt 4B
New York, NY 12345
United States