<html><body><p translate="no">
<span class="address-line1">123 Main St</span><br>
<span class="address-line2">Apt 4B</span><br>
<span class="locality">New York</span>, <span class="administrative-area">NY</span> <span class="postal-code">12345</span><br>
<span class="country">United States</span>
</p></body></html>
